###############################################################################
#                                                                             #
# IAR ELF Linker V6.60.1.5097/W32 for ARM               31/Oct/2014  21:00:56 #
# Copyright 2007-2013 IAR Systems AB.                                         #
#                                                                             #
#    Output file  =  C:\Users\FredZhou\Documents\Origin\Projects\Project\BLE_ #
#                    Chat\EWARM\Server\Exe\BLE_Chat.out                       #
#    Map file     =  C:\Users\FredZhou\Documents\Origin\Projects\Project\BLE_ #
#                    Chat\EWARM\Server\List\BLE_Chat.map                      #
#    Command line =  C:\Users\FredZhou\Documents\Origin\Projects\Project\BLE_ #
#                    Chat\EWARM\Server\Obj\BLE_Chat_main.o                    #
#                    C:\Users\FredZhou\Documents\Origin\Projects\Project\BLE_ #
#                    Chat\EWARM\Server\Obj\bluenrg_hci.o                      #
#                    C:\Users\FredZhou\Documents\Origin\Projects\Project\BLE_ #
#                    Chat\EWARM\Server\Obj\bluenrg_IFR.o                      #
#                    C:\Users\FredZhou\Documents\Origin\Projects\Project\BLE_ #
#                    Chat\EWARM\Server\Obj\bluenrg_utils.o                    #
#                    C:\Users\FredZhou\Documents\Origin\Projects\Project\BLE_ #
#                    Chat\EWARM\Server\Obj\chat.o                             #
#                    C:\Users\FredZhou\Documents\Origin\Projects\Project\BLE_ #
#                    Chat\EWARM\Server\Obj\clock.o                            #
#                    C:\Users\FredZhou\Documents\Origin\Projects\Project\BLE_ #
#                    Chat\EWARM\Server\Obj\gatt_db.o                          #
#                    C:\Users\FredZhou\Documents\Origin\Projects\Project\BLE_ #
#                    Chat\EWARM\Server\Obj\gp_timer.o                         #
#                    C:\Users\FredZhou\Documents\Origin\Projects\Project\BLE_ #
#                    Chat\EWARM\Server\Obj\hal.o                              #
#                    C:\Users\FredZhou\Documents\Origin\Projects\Project\BLE_ #
#                    Chat\EWARM\Server\Obj\hci.o                              #
#                    C:\Users\FredZhou\Documents\Origin\Projects\Project\BLE_ #
#                    Chat\EWARM\Server\Obj\hw_config.o                        #
#                    C:\Users\FredZhou\Documents\Origin\Projects\Project\BLE_ #
#                    Chat\EWARM\Server\Obj\lis3dh_driver.o                    #
#                    C:\Users\FredZhou\Documents\Origin\Projects\Project\BLE_ #
#                    Chat\EWARM\Server\Obj\list.o                             #
#                    C:\Users\FredZhou\Documents\Origin\Projects\Project\BLE_ #
#                    Chat\EWARM\Server\Obj\misc.o                             #
#                    C:\Users\FredZhou\Documents\Origin\Projects\Project\BLE_ #
#                    Chat\EWARM\Server\Obj\osal.o                             #
#                    C:\Users\FredZhou\Documents\Origin\Projects\Project\BLE_ #
#                    Chat\EWARM\Server\Obj\otgd_fs_cal.o                      #
#                    C:\Users\FredZhou\Documents\Origin\Projects\Project\BLE_ #
#                    Chat\EWARM\Server\Obj\otgd_fs_dev.o                      #
#                    C:\Users\FredZhou\Documents\Origin\Projects\Project\BLE_ #
#                    Chat\EWARM\Server\Obj\otgd_fs_int.o                      #
#                    C:\Users\FredZhou\Documents\Origin\Projects\Project\BLE_ #
#                    Chat\EWARM\Server\Obj\otgd_fs_pcd.o                      #
#                    C:\Users\FredZhou\Documents\Origin\Projects\Project\BLE_ #
#                    Chat\EWARM\Server\Obj\rtctime.o                          #
#                    C:\Users\FredZhou\Documents\Origin\Projects\Project\BLE_ #
#                    Chat\EWARM\Server\Obj\SDK_EVAL_Config.o                  #
#                    C:\Users\FredZhou\Documents\Origin\Projects\Project\BLE_ #
#                    Chat\EWARM\Server\Obj\SDK_EVAL_Io.o                      #
#                    C:\Users\FredZhou\Documents\Origin\Projects\Project\BLE_ #
#                    Chat\EWARM\Server\Obj\SDK_EVAL_Spi_Driver.o              #
#                    C:\Users\FredZhou\Documents\Origin\Projects\Project\BLE_ #
#                    Chat\EWARM\Server\Obj\startup_stm32l1xx_md.o             #
#                    C:\Users\FredZhou\Documents\Origin\Projects\Project\BLE_ #
#                    Chat\EWARM\Server\Obj\stm32l1xx_exti.o                   #
#                    C:\Users\FredZhou\Documents\Origin\Projects\Project\BLE_ #
#                    Chat\EWARM\Server\Obj\stm32l1xx_flash.o                  #
#                    C:\Users\FredZhou\Documents\Origin\Projects\Project\BLE_ #
#                    Chat\EWARM\Server\Obj\stm32l1xx_flash_ramfunc.o          #
#                    C:\Users\FredZhou\Documents\Origin\Projects\Project\BLE_ #
#                    Chat\EWARM\Server\Obj\stm32l1xx_gpio.o                   #
#                    C:\Users\FredZhou\Documents\Origin\Projects\Project\BLE_ #
#                    Chat\EWARM\Server\Obj\stm32l1xx_i2c.o                    #
#                    C:\Users\FredZhou\Documents\Origin\Projects\Project\BLE_ #
#                    Chat\EWARM\Server\Obj\stm32l1xx_it.o                     #
#                    C:\Users\FredZhou\Documents\Origin\Projects\Project\BLE_ #
#                    Chat\EWARM\Server\Obj\stm32l1xx_pwr.o                    #
#                    C:\Users\FredZhou\Documents\Origin\Projects\Project\BLE_ #
#                    Chat\EWARM\Server\Obj\stm32l1xx_rcc.o                    #
#                    C:\Users\FredZhou\Documents\Origin\Projects\Project\BLE_ #
#                    Chat\EWARM\Server\Obj\stm32l1xx_rtc.o                    #
#                    C:\Users\FredZhou\Documents\Origin\Projects\Project\BLE_ #
#                    Chat\EWARM\Server\Obj\stm32l1xx_spi.o                    #
#                    C:\Users\FredZhou\Documents\Origin\Projects\Project\BLE_ #
#                    Chat\EWARM\Server\Obj\stm32l1xx_syscfg.o                 #
#                    C:\Users\FredZhou\Documents\Origin\Projects\Project\BLE_ #
#                    Chat\EWARM\Server\Obj\stm32l1xx_systick.o                #
#                    C:\Users\FredZhou\Documents\Origin\Projects\Project\BLE_ #
#                    Chat\EWARM\Server\Obj\stm32l1xx_tim.o                    #
#                    C:\Users\FredZhou\Documents\Origin\Projects\Project\BLE_ #
#                    Chat\EWARM\Server\Obj\stm32l1xx_usart.o                  #
#                    C:\Users\FredZhou\Documents\Origin\Projects\Project\BLE_ #
#                    Chat\EWARM\Server\Obj\system_stm32l1xx.o                 #
#                    C:\Users\FredZhou\Documents\Origin\Projects\Project\BLE_ #
#                    Chat\EWARM\Server\Obj\usb_core.o                         #
#                    C:\Users\FredZhou\Documents\Origin\Projects\Project\BLE_ #
#                    Chat\EWARM\Server\Obj\usb_desc.o                         #
#                    C:\Users\FredZhou\Documents\Origin\Projects\Project\BLE_ #
#                    Chat\EWARM\Server\Obj\usb_endp.o                         #
#                    C:\Users\FredZhou\Documents\Origin\Projects\Project\BLE_ #
#                    Chat\EWARM\Server\Obj\usb_init.o                         #
#                    C:\Users\FredZhou\Documents\Origin\Projects\Project\BLE_ #
#                    Chat\EWARM\Server\Obj\usb_int.o                          #
#                    C:\Users\FredZhou\Documents\Origin\Projects\Project\BLE_ #
#                    Chat\EWARM\Server\Obj\usb_istr.o                         #
#                    C:\Users\FredZhou\Documents\Origin\Projects\Project\BLE_ #
#                    Chat\EWARM\Server\Obj\usb_mem.o                          #
#                    C:\Users\FredZhou\Documents\Origin\Projects\Project\BLE_ #
#                    Chat\EWARM\Server\Obj\usb_prop.o                         #
#                    C:\Users\FredZhou\Documents\Origin\Projects\Project\BLE_ #
#                    Chat\EWARM\Server\Obj\usb_pwr.o                          #
#                    C:\Users\FredZhou\Documents\Origin\Projects\Project\BLE_ #
#                    Chat\EWARM\Server\Obj\usb_regs.o                         #
#                    C:\Users\FredZhou\Documents\Origin\Projects\Project\BLE_ #
#                    Chat\EWARM\Server\Obj\usb_sil.o -o                       #
#                    C:\Users\FredZhou\Documents\Origin\Projects\Project\BLE_ #
#                    Chat\EWARM\Server\Exe\BLE_Chat.out --map                 #
#                    C:\Users\FredZhou\Documents\Origin\Projects\Project\BLE_ #
#                    Chat\EWARM\Server\List\BLE_Chat.map --config             #
#                    C:\Users\FredZhou\Documents\Origin\Projects\Project\BLE_ #
#                    Chat\EWARM\stm32l1xx_flash.icf --semihosting --entry     #
#                    __iar_program_start --redirect                           #
#                    __iar_sh_stdout=__iar_sh_stdout_swo --vfe                #
#                                                                             #
#                                                                             #
###############################################################################

*******************************************************************************
*** RUNTIME MODEL ATTRIBUTES
***

CppFlavor       = *
__SystemLibrary = DLib


*******************************************************************************
*** PLACEMENT SUMMARY
***

"A1":  place at 0x08003000 { ro section .intvec };
"P1":  place in [from 0x08003000 to 0x0801ffff] { ro };
"P2":  place in [from 0x20000000 to 0x20003fff] { rw, block CSTACK, block HEAP };

  Section             Kind        Address    Size  Object
  -------             ----        -------    ----  ------
"A1":                                        0xf4
  .intvec             ro code  0x08003000    0xf4  startup_stm32l1xx_md.o [1]
                             - 0x080030f4    0xf4

"P1":                                      0x4d9c
  .text               ro code  0x080030f4   0x8c6  usb_core.o [1]
  .text               ro code  0x080039ba    0x2e  copy_init3.o [4]
  .text               ro code  0x080039e8   0x20a  usb_regs.o [1]
  .text               ro code  0x08003bf2    0x22  zero_init3.o [4]
  .text               ro code  0x08003c14    0xd6  usb_mem.o [1]
  .text               ro code  0x08003cea     0xa  xsprout.o [3]
  .text               ro code  0x08003cf4   0x6f8  BLE_Chat_main.o [1]
  .text               ro code  0x080043ec   0x660  lis3dh_driver.o [1]
  .text               ro code  0x08004a4c    0x24  printf.o [3]
  .text               ro code  0x08004a70   0x314  hw_config.o [1]
  .text               ro code  0x08004d84    0x90  misc.o [1]
  .text               ro code  0x08004e14    0xc8  SDK_EVAL_Config.o [1]
  .text               ro code  0x08004edc    0x28  stm32l1xx_pwr.o [1]
  .text               ro code  0x08004f04    0x1c  stm32l1xx_flash.o [1]
  .text               ro code  0x08004f20    0x48  clock.o [1]
  .text               ro code  0x08004f68    0x20  SDK_EVAL_Io.o [1]
  .text               ro code  0x08004f88   0x396  hci.o [1]
  .text               ro code  0x08005320   0x3f8  stm32l1xx_rtc.o [1]
  .text               ro code  0x08005718   0x280  rtctime.o [1]
  .text               ro code  0x08005998    0xa4  stm32l1xx_rcc.o [1]
  .text               ro code  0x08005a3c    0x80  stm32l1xx_exti.o [1]
  .text               ro code  0x08005abc   0x646  SDK_EVAL_Spi_Driver.o [1]
  .text               ro code  0x08006102   0x426  bluenrg_hci.o [1]
  .text               ro code  0x08006528   0x19c  gatt_db.o [1]
  .text               ro code  0x080066c4    0x34  sprintf.o [3]
  .text               ro code  0x080066f8    0x26  gp_timer.o [1]
  .text               ro code  0x08006720    0xa8  stm32l1xx_gpio.o [1]
  .text               ro code  0x080067c8    0x62  stm32l1xx_spi.o [1]
  .text               ro code  0x0800682c   0x4a0  xprintfsmall_nomb.o [3]
  .text               ro code  0x08006ccc    0x40  stm32l1xx_syscfg.o [1]
  .text               ro code  0x08006d0c     0x6  stm32l1xx_tim.o [1]
  .text               ro code  0x08006d14    0x5c  stm32l1xx_systick.o [1]
  .text               ro code  0x08006d70    0x20  usb_init.o [1]
  .text               ro code  0x08006d90    0x4e  list.o [1]
  .text               ro code  0x08006dde    0x20  osal.o [1]
  .text               ro code  0x08006e00    0x40  hal.o [1]
  .text               ro code  0x08006e40    0x16  strchr.o [4]
  .text               ro code  0x08006e58    0x36  strlen.o [4]
  .text               ro code  0x08006e90    0x58  memchr.o [4]
  .text               ro code  0x08006ee8    0x76  ABImemcpy_unaligned.o [4]
  .text               ro code  0x08006f60    0x66  ABImemset.o [4]
  .text               ro code  0x08006fc8   0x2f4  chat.o [1]
  .text               ro code  0x080072bc    0x3d  strtok_r.o [3]
  .text               ro code  0x080072fa     0x8  atoi.o [3]
  .text               ro code  0x08007302    0x22  strspn.o [3]
  .text               ro code  0x08007324    0x22  strcspn.o [3]
  .text               ro code  0x08007348   0x174  xstoul.o [3]
  .text               ro code  0x080074bc     0xc  errno.o [3]
  .text               ro code  0x080074c8     0x2  xtls.o [3]
  .text               ro code  0x080074cc   0x218  usb_prop.o [1]
  .text               ro code  0x080076e4    0x30  usb_pwr.o [1]
  .text               ro code  0x08007714    0x40  usb_sil.o [1]
  .text               ro code  0x08007754   0x148  usb_int.o [1]
  .text               ro code  0x0800789c   0x110  system_stm32l1xx.o [1]
  .rodata             const    0x080079ac    0xb8  usb_desc.o [1]
  .text               ro code  0x08007a64    0xb4  usb_endp.o [1]
  .text               ro code  0x08007b18    0x60  usb_istr.o [1]
  .text               ro code  0x08007b78    0x28  data_init.o [4]
  .iar.init_table     const    0x08007ba0    0x24  - Linker created -
  .text               ro code  0x08007bc4    0x1a  cmain.o [4]
  .text               ro code  0x08007bde     0x4  low_level_init.o [3]
  .text               ro code  0x08007be2     0x4  exit.o [3]
  .text               ro code  0x08007be8     0xa  cexit.o [4]
  .text               ro code  0x08007bf4    0x14  exit.o [5]
  .text               ro code  0x08007c08    0x18  stm32l1xx_it.o [1]
  .text               ro code  0x08007c20    0x16  xprout.o [3]
  .text               ro code  0x08007c38    0x10  startup_stm32l1xx_md.o [1]
  .text               ro code  0x08007c48     0xc  cstartup_M.o [4]
  .rodata             const    0x08007c54     0x4  clock.o [1]
  .text               ro code  0x08007c58     0x4  startup_stm32l1xx_md.o [1]
  .text               ro code  0x08007c5c     0x4  startup_stm32l1xx_md.o [1]
  .text               ro code  0x08007c60     0x4  startup_stm32l1xx_md.o [1]
  .text               ro code  0x08007c64     0x4  startup_stm32l1xx_md.o [1]
  .text               ro code  0x08007c68     0x4  startup_stm32l1xx_md.o [1]
  .text               ro code  0x08007c6c     0x4  startup_stm32l1xx_md.o [1]
  .text               ro code  0x08007c70     0x4  startup_stm32l1xx_md.o [1]
  .text               ro code  0x08007c74     0x4  startup_stm32l1xx_md.o [1]
  .text               ro code  0x08007c78     0x4  startup_stm32l1xx_md.o [1]
  .text               ro code  0x08007c7c     0x4  startup_stm32l1xx_md.o [1]
  .text               ro code  0x08007c80     0x4  startup_stm32l1xx_md.o [1]
  .text               ro code  0x08007c84     0x4  startup_stm32l1xx_md.o [1]
  .text               ro code  0x08007c88     0x4  startup_stm32l1xx_md.o [1]
  .text               ro code  0x08007c8c     0x4  startup_stm32l1xx_md.o [1]
  .text               ro code  0x08007c90     0x4  startup_stm32l1xx_md.o [1]
  .text               ro code  0x08007c94     0x4  startup_stm32l1xx_md.o [1]
  .text               ro code  0x08007c98     0x4  startup_stm32l1xx_md.o [1]
  .text               ro code  0x08007c9c     0x4  startup_stm32l1xx_md.o [1]
  .text               ro code  0x08007ca0     0x4  startup_stm32l1xx_md.o [1]
  .text               ro code  0x08007ca4     0x4  startup_stm32l1xx_md.o [1]
  .text               ro code  0x08007ca8     0x4  startup_stm32l1xx_md.o [1]
  .text               ro code  0x08007cac     0x4  startup_stm32l1xx_md.o [1]
  .text               ro code  0x08007cb0     0x4  startup_stm32l1xx_md.o [1]
  .text               ro code  0x08007cb4     0x4  startup_stm32l1xx_md.o [1]
  .text               ro code  0x08007cb8     0x4  startup_stm32l1xx_md.o [1]
  .text               ro code  0x08007cbc     0x4  startup_stm32l1xx_md.o [1]
  .text               ro code  0x08007cc0     0x4  startup_stm32l1xx_md.o [1]
  .text               ro code  0x08007cc4     0x4  startup_stm32l1xx_md.o [1]
  .text               ro code  0x08007cc8     0x4  startup_stm32l1xx_md.o [1]
  .text               ro code  0x08007ccc     0x4  startup_stm32l1xx_md.o [1]
  .text               ro code  0x08007cd0     0x4  startup_stm32l1xx_md.o [1]
  .text               ro code  0x08007cd4     0x4  startup_stm32l1xx_md.o [1]
  .text               ro code  0x08007cd8     0x4  startup_stm32l1xx_md.o [1]
  .text               ro code  0x08007cdc     0x4  startup_stm32l1xx_md.o [1]
  .text               ro code  0x08007ce0     0x4  startup_stm32l1xx_md.o [1]
  .text               ro code  0x08007ce4     0x4  startup_stm32l1xx_md.o [1]
  .text               ro code  0x08007ce8     0x4  startup_stm32l1xx_md.o [1]
  .text               ro code  0x08007cec     0x4  startup_stm32l1xx_md.o [1]
  .text               ro code  0x08007cf0     0x4  startup_stm32l1xx_md.o [1]
  .text               ro code  0x08007cf4     0x4  startup_stm32l1xx_md.o [1]
  .text               ro code  0x08007cf8     0x4  startup_stm32l1xx_md.o [1]
  .text               ro code  0x08007cfc     0x4  startup_stm32l1xx_md.o [1]
  .rodata             const    0x08007d00     0x0  zero_init3.o [4]
  .rodata             const    0x08007d00     0x0  copy_init3.o [4]
  Initializer bytes   ro data  0x08007d00   0x190  <for P2 s0>
                             - 0x08007e90  0x4d9c

"P2", part 1 of 3:                          0x190
  P2 s0                        0x20000000   0x190  <Init block>
    .data             inited   0x20000000    0x94  SDK_EVAL_Spi_Driver.o [1]
    .data             inited   0x20000094    0x30  usb_prop.o [1]
    .data             inited   0x200000c4    0x24  usb_prop.o [1]
    .data             inited   0x200000e8    0x20  usb_prop.o [1]
    .data             inited   0x20000108    0x1c  usb_desc.o [1]
    .data             inited   0x20000124    0x1c  usb_istr.o [1]
    .data             inited   0x20000140    0x1c  usb_istr.o [1]
    .data             inited   0x2000015c    0x14  BLE_Chat_main.o [1]
    .data             inited   0x20000170     0x8  usb_prop.o [1]
    .data             inited   0x20000178     0x8  usb_prop.o [1]
    .data             inited   0x20000180     0x8  usb_prop.o [1]
    .data             inited   0x20000188     0x4  usb_prop.o [1]
    __DLIB_PERTHREAD  inited   0x2000018c     0x4  errno.o [3]
                             - 0x20000190   0x190

"P2", part 2 of 3:                          0xc48
  .bss                zero     0x20000190   0x7e0  hw_config.o [1]
  .bss                zero     0x20000970   0x204  chat.o [1]
  .bss                zero     0x20000b74   0x1b0  hci.o [1]
  .bss                zero     0x20000d24    0x40  usb_endp.o [1]
  .bss                zero     0x20000d64    0x28  usb_init.o [1]
  .bss                zero     0x20000d8c     0xc  rtctime.o [1]
  .bss                zero     0x20000d98     0xa  gatt_db.o [1]
  .bss                zero     0x20000da2     0x2  usb_init.o [1]
  .bss                zero     0x20000da4     0x8  rtctime.o [1]
  .bss                zero     0x20000dac     0x8  rtctime.o [1]
  .bss                zero     0x20000db4     0x4  clock.o [1]
  .bss                zero     0x20000db8     0x4  SDK_EVAL_Io.o [1]
  .bss                zero     0x20000dbc     0x4  usb_core.o [1]
  .bss                zero     0x20000dc0     0x4  usb_endp.o [1]
  .bss                zero     0x20000dc4     0x4  usb_int.o [1]
  .bss                zero     0x20000dc8     0x4  usb_istr.o [1]
  .bss                zero     0x20000dcc     0x4  usb_pwr.o [1]
  .bss                zero     0x20000dd0     0x1  hw_config.o [1]
  .bss                zero     0x20000dd1     0x1  lis3dh_driver.o [1]
  .bss                zero     0x20000dd2     0x1  SDK_EVAL_Config.o [1]
  .bss                zero     0x20000dd3     0x1  usb_core.o [1]
  .bss                zero     0x20000dd4     0x1  usb_init.o [1]
  .bss                zero     0x20000dd5     0x1  usb_prop.o [1]
                             - 0x20000dd6   0xc46

"P2", part 3 of 3:                          0xc00
  CSTACK                       0x20000dd8   0xc00  <Block>
    CSTACK            uninit   0x20000dd8   0xc00  <Block tail>
                             - 0x200019d8   0xc00


*******************************************************************************
*** INIT TABLE
***

          Address     Size
          -------     ----
Zero (__iar_zero_init3)
    1 destination range, total size 0xc46:
          0x20000190  0xc46

Copy (__iar_copy_init3)
    1 source range, total size 0x190:
          0x08007d00  0x190
    1 destination range, total size 0x190:
          0x20000000  0x190



*******************************************************************************
*** MODULE SUMMARY
***

    Module                  ro code  ro data  rw data
    ------                  -------  -------  -------
C:\Users\FredZhou\Documents\Origin\Projects\Project\BLE_Chat\EWARM\Server\Obj: [1]
    BLE_Chat_main.o           1 784       20       20
    SDK_EVAL_Config.o           200                 1
    SDK_EVAL_Io.o                32                 4
    SDK_EVAL_Spi_Driver.o     1 606      148      148
    bluenrg_hci.o             1 062
    chat.o                      756               516
    clock.o                      72        4        4
    gatt_db.o                   412                10
    gp_timer.o                   38
    hal.o                        64
    hci.o                       918               432
    hw_config.o                 788             2 017
    lis3dh_driver.o           1 632                 1
    list.o                       78
    misc.o                      144
    osal.o                       32
    rtctime.o                   640                28
    startup_stm32l1xx_md.o      428
    stm32l1xx_exti.o            128
    stm32l1xx_flash.o            28
    stm32l1xx_gpio.o            168
    stm32l1xx_it.o               24
    stm32l1xx_pwr.o              40
    stm32l1xx_rcc.o             164
    stm32l1xx_rtc.o           1 016
    stm32l1xx_spi.o              98
    stm32l1xx_syscfg.o           64
    stm32l1xx_systick.o          92
    stm32l1xx_tim.o               6
    system_stm32l1xx.o          272
    usb_core.o                2 246                 5
    usb_desc.o                           212       28
    usb_endp.o                  180                68
    usb_init.o                   32                43
    usb_int.o                   328                 4
    usb_istr.o                   96       56       60
    usb_mem.o                   214
    usb_prop.o                  536      144      145
    usb_pwr.o                    48                 4
    usb_regs.o                  522
    usb_sil.o                    64
    -------------------------------------------------
    Total:                   17 052      584    3 538

command line: [2]
    -------------------------------------------------
    Total:

dl7M_tln.a: [3]
    atoi.o                        8
    errno.o                      12        4        4
    exit.o                        4
    low_level_init.o              4
    printf.o                     36
    sprintf.o                    52
    strcspn.o                    34
    strspn.o                     34
    strtok_r.o                   61
    xprintfsmall_nomb.o       1 184
    xprout.o                     22
    xsprout.o                    10
    xstoul.o                    372
    xtls.o                        2
    -------------------------------------------------
    Total:                    1 835        4        4

rt7M_tl.a: [4]
    ABImemcpy_unaligned.o       118
    ABImemset.o                 102
    cexit.o                      10
    cmain.o                      26
    copy_init3.o                 46
    cstartup_M.o                 12
    data_init.o                  40
    memchr.o                     88
    strchr.o                     22
    strlen.o                     54
    zero_init3.o                 34
    -------------------------------------------------
    Total:                      552

shb_l.a: [5]
    exit.o                       20
    -------------------------------------------------
    Total:                       20

    Gaps                         29
    Linker created                        36    3 072
-----------------------------------------------------
    Grand Total:             19 488      624    6 614


*******************************************************************************
*** ENTRY LIST
***

Entry                      Address   Size  Type      Object
-----                      -------   ----  ----      ------
?main                   0x08007bc5         Code  Gb  cmain.o [4]
Add_Chat_Service        0x08006529   0x9e  Code  Gb  gatt_db.o [1]
AsynchPrediv            0x20000dac    0x4  Data  Gb  rtctime.o [1]
Attribute_Modified_CB   0x080065c9   0x58  Code  Gb  gatt_db.o [1]
BlueNRG_DataPresent     0x08005df5   0x1e  Code  Gb  SDK_EVAL_Spi_Driver.o [1]
BlueNRG_RST             0x08005dc7   0x2e  Code  Gb  SDK_EVAL_Spi_Driver.o [1]
BlueNRG_SPI_Read_All    0x08005e51   0xc2  Code  Gb  SDK_EVAL_Spi_Driver.o [1]
BlueNRG_SPI_Write       0x08005f13  0x182  Code  Gb  SDK_EVAL_Spi_Driver.o [1]
BusFault_Handler        0x08007c0f    0x2  Code  Gb  stm32l1xx_it.o [1]
ByteSwap                0x08003be9    0xa  Code  Gb  usb_regs.o [1]
CLOCK_SECOND            0x08007c54    0x4  Data  Gb  clock.o [1]
CSTACK$$Base            0x20000dd8          --   Gb  - Linker created -
CSTACK$$Limit           0x200019d8          --   Gb  - Linker created -
CTR_LP                  0x08007755  0x130  Code  Gb  usb_int.o [1]
ClearDTOG_RX            0x08003acb   0x24  Code  Gb  usb_regs.o [1]
ClearDTOG_TX            0x08003aef   0x24  Code  Gb  usb_regs.o [1]
Clear_SPI_EXTI_Flag     0x08005e47    0xa  Code  Gb  SDK_EVAL_Spi_Driver.o [1]
Clear_Status_Out        0x08003aaf   0x1c  Code  Gb  usb_regs.o [1]
Clock_Init              0x08004f2b   0x26  Code  Gb  clock.o [1]
Clock_Time              0x08004f51    0x6  Code  Gb  clock.o [1]
Clock_Wait              0x08004f57    0xe  Code  Gb  clock.o [1]
Config_Descriptor       0x20000180    0x8  Data  Gb  usb_prop.o [1]
DataStageIn             0x0800337f   0xac  Code  Lc  usb_core.o [1]
Data_Mul_MaxPacketSize  0x20000dd3    0x1  Data  Gb  usb_core.o [1]
Data_Setup0             0x0800352f  0x1bc  Code  Lc  usb_core.o [1]
DebugMon_Handler        0x08007c15    0x2  Code  Gb  stm32l1xx_it.o [1]
Device_Descriptor       0x20000178    0x8  Data  Gb  usb_prop.o [1]
Device_Info             0x20000d64   0x1c  Data  Gb  usb_init.o [1]
Device_Property         0x20000094   0x30  Data  Gb  usb_prop.o [1]
Device_Table            0x20000188    0x4  Data  Gb  usb_prop.o [1]
Disable_SPI_IRQ         0x08005e13   0x1a  Code  Gb  SDK_EVAL_Spi_Driver.o [1]
EP1_IN_Callback         0x08007a65   0x5c  Code  Gb  usb_endp.o [1]
EP3_OUT_Callback        0x08007ac1   0x1e  Code  Gb  usb_endp.o [1]
EPindex                 0x20000dd4    0x1  Data  Gb  usb_init.o [1]
EXTI15_10_IRQHandler    0x08007c1d    0x4  Code  Gb  stm32l1xx_it.o [1]
EXTI_ClearFlag          0x08005aa5    0x6  Code  Gb  stm32l1xx_exti.o [1]
EXTI_ClearITPendingBit  0x08005aab    0x6  Code  Gb  stm32l1xx_exti.o [1]
EXTI_Init               0x08005a3d   0x68  Code  Gb  stm32l1xx_exti.o [1]
Enable_SPI_IRQ          0x08005e2d   0x1a  Code  Gb  SDK_EVAL_Spi_Driver.o [1]
FLASH_SLEEPPowerDownCmd
                        0x08004f05   0x16  Code  Gb  stm32l1xx_flash.o [1]
GAP_ConnectionComplete_CB
                        0x08003fc7   0x82  Code  Gb  BLE_Chat_main.o [1]
GAP_DisconnectionComplete_CB
                        0x0800404d   0x88  Code  Gb  BLE_Chat_main.o [1]
GPIO_Init               0x08006721   0x60  Code  Gb  stm32l1xx_gpio.o [1]
GPIO_PinAFConfig        0x080067a1   0x28  Code  Gb  stm32l1xx_gpio.o [1]
GPIO_ReadInputDataBit   0x08006781    0xe  Code  Gb  stm32l1xx_gpio.o [1]
GPIO_ResetBits          0x08006793    0x4  Code  Gb  stm32l1xx_gpio.o [1]
GPIO_SetBits            0x0800678f    0x4  Code  Gb  stm32l1xx_gpio.o [1]
GPIO_WriteBit           0x08006797    0xa  Code  Gb  stm32l1xx_gpio.o [1]
GetEPRxAddr             0x08003b5b   0x14  Code  Gb  usb_regs.o [1]
GetEPRxCount            0x08003bbb   0x16  Code  Gb  usb_regs.o [1]
GetEPTxAddr             0x08003b47   0x14  Code  Gb  usb_regs.o [1]
Get_SerialNum           0x08004c51   0x86  Code  Gb  hw_config.o [1]
HCI_Event_CB            0x080040fd   0x60  Code  Gb  BLE_Chat_main.o [1]
HCI_Init                0x08004f89   0x54  Code  Gb  hci.o [1]
HCI_Input               0x08004fdd   0xb8  Code  Gb  hci.o [1]
HCI_Isr                 0x08005107   0x5c  Code  Gb  hci.o [1]
HCI_Process             0x08005095   0x72  Code  Gb  hci.o [1]
Hal_Write_Serial        0x08006e01   0x38  Code  Gb  hal.o [1]
Handle_USBAsynchXfer    0x08004bbf   0x92  Code  Gb  hw_config.o [1]
HardFault_Handler       0x08007c0b    0x2  Code  Gb  stm32l1xx_it.o [1]
IO_Receive_Data         0x20000db8    0x4  Data  Lc  SDK_EVAL_Io.o [1]
In0_Process             0x0800377f   0x78  Code  Gb  usb_core.o [1]
Init_Accelerometer      0x08003cf5   0x5c  Code  Gb  BLE_Chat_main.o [1]
Init_GPIOs              0x08004a9b   0x66  Code  Gb  hw_config.o [1]
LIS3DH_ConvAccValue     0x080049d5   0x6c  Code  Gb  lis3dh_driver.o [1]
LIS3DH_GetAccAxesRaw    0x080048f5   0xe0  Code  Gb  lis3dh_driver.o [1]
LIS3DH_GetWHO_AM_I      0x08004511   0x2e  Code  Gb  lis3dh_driver.o [1]
LIS3DH_Int1LatchEnable  0x08004821   0x3c  Code  Gb  lis3dh_driver.o [1]
LIS3DH_Interrupts_Config
                        0x08004b39   0x68  Code  Gb  hw_config.o [1]
LIS3DH_ResetInt1Latch   0x0800485d   0x26  Code  Gb  lis3dh_driver.o [1]
LIS3DH_SPI_SendByte     0x080044b1   0x36  Code  Gb  lis3dh_driver.o [1]
LIS3DH_SetAxis          0x080046e5   0x80  Code  Gb  lis3dh_driver.o [1]
LIS3DH_SetFullScale     0x08004765   0x80  Code  Gb  lis3dh_driver.o [1]
LIS3DH_SetInt1Duration  0x080048d9   0x1c  Code  Gb  lis3dh_driver.o [1]
LIS3DH_SetInt1Threshold
                        0x080048bd   0x1c  Code  Gb  lis3dh_driver.o [1]
LIS3DH_SetInt2Pin       0x080047e5   0x34  Code  Gb  lis3dh_driver.o [1]
LIS3DH_SetIntConfiguration
                        0x08004883   0x3a  Code  Gb  lis3dh_driver.o [1]
LIS3DH_SetMode          0x080045bf  0x126  Code  Gb  lis3dh_driver.o [1]
LIS3DH_SetODR           0x0800453f   0x80  Code  Gb  lis3dh_driver.o [1]
LIS3DH_SpiInit          0x080043ed   0xc4  Code  Gb  lis3dh_driver.o [1]
LIS3DH_WriteReg         0x080044e7   0x2a  Code  Gb  lis3dh_driver.o [1]
MemManage_Handler       0x08007c0d    0x2  Code  Gb  stm32l1xx_it.o [1]
NMI_Handler             0x08007c09    0x2  Code  Gb  stm32l1xx_it.o [1]
NOP_Process             0x080039b9    0x2  Code  Gb  usb_core.o [1]
NVIC_Init               0x08004d8f   0x5c  Code  Gb  misc.o [1]
NVIC_PriorityGroupConfig
                        0x08004d85    0xa  Code  Gb  misc.o [1]
NVIC_SetVectorTable     0x08004deb    0xc  Code  Gb  misc.o [1]
NoData_Setup0           0x0800342b  0x104  Code  Lc  usb_core.o [1]
Osal_MemCpy             0x08006ddf    0xc  Code  Gb  osal.o [1]
Osal_MemSet             0x08006deb   0x14  Code  Gb  osal.o [1]
Out0_Process            0x080037f7   0xe8  Code  Gb  usb_core.o [1]
PMAToUserBufferCopy     0x08003c9d   0x4e  Code  Gb  usb_mem.o [1]
PWR_FastWakeUpCmd       0x08004ee9    0x6  Code  Gb  stm32l1xx_pwr.o [1]
PWR_PVDCmd              0x08004ee3    0x6  Code  Gb  stm32l1xx_pwr.o [1]
PWR_RTCAccessCmd        0x08004edd    0x6  Code  Gb  stm32l1xx_pwr.o [1]
PWR_UltraLowPowerCmd    0x08004eef    0x6  Code  Gb  stm32l1xx_pwr.o [1]
PendSV_Handler          0x08007c17    0x2  Code  Gb  stm32l1xx_it.o [1]
PowerOn                 0x080076e5   0x26  Code  Gb  usb_pwr.o [1]
RCC_AHBPeriphClockCmd   0x080059d3   0x12  Code  Gb  stm32l1xx_rcc.o [1]
RCC_APB1PeriphClockCmd  0x080059f7   0x12  Code  Gb  stm32l1xx_rcc.o [1]
RCC_APB2PeriphClockCmd  0x080059e5   0x12  Code  Gb  stm32l1xx_rcc.o [1]
RCC_Configuration       0x08004a71   0x2a  Code  Gb  hw_config.o [1]
RCC_GetFlagStatus       0x08005a09   0x1a  Code  Gb  stm32l1xx_rcc.o [1]
RCC_LSICmd              0x08005999    0x6  Code  Gb  stm32l1xx_rcc.o [1]
RCC_RTCCLKCmd           0x080059cd    0x6  Code  Gb  stm32l1xx_rcc.o [1]
RCC_RTCCLKConfig        0x0800599f   0x2e  Code  Gb  stm32l1xx_rcc.o [1]
RTC_ClearFlag           0x080056e3   0x18  Code  Gb  stm32l1xx_rtc.o [1]
RTC_Config              0x08005719   0x50  Code  Gb  rtctime.o [1]
RTC_DateStructure       0x20000da4    0x4  Data  Gb  rtctime.o [1]
RTC_GetDate             0x08005653   0x5c  Code  Gb  stm32l1xx_rtc.o [1]
RTC_GetTime             0x080054e3   0x60  Code  Gb  stm32l1xx_rtc.o [1]
RTC_Init                0x08005321   0x72  Code  Gb  stm32l1xx_rtc.o [1]
RTC_InitStructure       0x20000d8c    0xc  Data  Gb  rtctime.o [1]
RTC_ReadBackupRegister  0x080056c9   0x1a  Code  Gb  stm32l1xx_rtc.o [1]
RTC_SetDate             0x08005543  0x110  Code  Gb  stm32l1xx_rtc.o [1]
RTC_SetMyDate           0x0800579d   0x34  Code  Gb  rtctime.o [1]
RTC_SetMyTime           0x080057d1   0x34  Code  Gb  rtctime.o [1]
RTC_SetTime             0x080053d1  0x112  Code  Gb  stm32l1xx_rtc.o [1]
RTC_TimeRegulate        0x08005805   0x72  Code  Gb  rtctime.o [1]
RTC_TimeShow            0x08005769   0x34  Code  Gb  rtctime.o [1]
RTC_TimeStructure       0x20000da8    0x4  Data  Gb  rtctime.o [1]
RTC_WaitForSynchro      0x08005393   0x3e  Code  Gb  stm32l1xx_rtc.o [1]
RTC_WriteBackupRegister
                        0x080056af   0x1a  Code  Gb  stm32l1xx_rtc.o [1]
RXCharHandle            0x20000d9c    0x2  Data  Gb  gatt_db.o [1]
RXCharHandle2           0x20000da0    0x2  Data  Gb  gatt_db.o [1]
Region$$Table$$Base     0x08007ba0          --   Gb  - Linker created -
Region$$Table$$Limit    0x08007bc4          --   Gb  - Linker created -
Request                 0x20000dd5    0x1  Data  Gb  usb_prop.o [1]
SOF_Callback            0x08007adf   0x1e  Code  Gb  usb_endp.o [1]
SPI_Cmd                 0x08006801   0x14  Code  Gb  stm32l1xx_spi.o [1]
SPI_Configure_Platform  0x08005abd  0x16e  Code  Lc  SDK_EVAL_Spi_Driver.o [1]
SPI_I2S_GetFlagStatus   0x0800681d    0xe  Code  Gb  stm32l1xx_spi.o [1]
SPI_I2S_ReceiveData     0x08006815    0x4  Code  Gb  stm32l1xx_spi.o [1]
SPI_I2S_SendData        0x08006819    0x4  Code  Gb  stm32l1xx_spi.o [1]
SPI_Init                0x080067c9   0x38  Code  Gb  stm32l1xx_spi.o [1]
SVC_Handler             0x08007c13    0x2  Code  Gb  stm32l1xx_it.o [1]
SYSCFG_EXTILineConfig   0x08006ce1   0x24  Code  Gb  stm32l1xx_syscfg.o [1]
SYSCFG_USBPuCmd         0x08006ccd   0x14  Code  Gb  stm32l1xx_syscfg.o [1]
SaveRState              0x20000dc4    0x2  Data  Gb  usb_int.o [1]
SaveTState              0x20000dc6    0x2  Data  Gb  usb_int.o [1]
SdkEvalGetVersion       0x08004ecf    0x6  Code  Gb  SDK_EVAL_Config.o [1]
SdkEvalIdentification   0x08004e15   0xba  Code  Gb  SDK_EVAL_Config.o [1]
SdkEvalSPI_Irq_Pin      0x08005c2b   0x12  Code  Gb  SDK_EVAL_Spi_Driver.o [1]
SdkEvalSpiInit          0x08005c3d  0x18a  Code  Gb  SDK_EVAL_Spi_Driver.o [1]
SdkEval_IO_Config       0x08004f69   0x16  Code  Gb  SDK_EVAL_Io.o [1]
SdkEval_IO_Receive_Data
                        0x08004f7f    0x6  Code  Gb  SDK_EVAL_Io.o [1]
SetBTABLE               0x080039e9    0xe  Code  Gb  usb_regs.o [1]
SetDeviceAddress        0x080038df   0x94  Code  Gb  usb_core.o [1]
SetEPRxAddr             0x08003b2d   0x1a  Code  Gb  usb_regs.o [1]
SetEPRxCount            0x08003b81   0x3a  Code  Gb  usb_regs.o [1]
SetEPRxStatus           0x08003a3f   0x30  Code  Gb  usb_regs.o [1]
SetEPRxValid            0x08003a8f   0x20  Code  Gb  usb_regs.o [1]
SetEPTxAddr             0x08003b13   0x1a  Code  Gb  usb_regs.o [1]
SetEPTxCount            0x08003b6f   0x12  Code  Gb  usb_regs.o [1]
SetEPTxStatus           0x08003a0f   0x30  Code  Gb  usb_regs.o [1]
SetEPTxValid            0x08003a6f   0x20  Code  Gb  usb_regs.o [1]
SetEPType               0x080039f7   0x18  Code  Gb  usb_regs.o [1]
Set_USBClock            0x08004b01    0xa  Code  Gb  hw_config.o [1]
Setup0_Process          0x080036eb   0x94  Code  Gb  usb_core.o [1]
Standard_ClearFeature   0x08003213   0xd8  Code  Gb  usb_core.o [1]
Standard_GetConfiguration
                        0x080030f5   0x22  Code  Gb  usb_core.o [1]
Standard_GetDescriptorData
                        0x08003365   0x1a  Code  Gb  usb_core.o [1]
Standard_GetInterface   0x08003117   0x22  Code  Gb  usb_core.o [1]
Standard_GetStatus      0x08003181   0x92  Code  Gb  usb_core.o [1]
Standard_SetEndPointFeature
                        0x080032eb   0x7a  Code  Gb  usb_core.o [1]
Standard_SetInterface   0x08003139   0x48  Code  Gb  usb_core.o [1]
StatusInfo              0x20000dbc    0x4  Data  Gb  usb_core.o [1]
String_Descriptor       0x200000e8   0x20  Data  Gb  usb_prop.o [1]
SynchPrediv             0x20000db0    0x4  Data  Gb  rtctime.o [1]
SysTick_CLKSourceConfig
                        0x08006d15   0x14  Code  Gb  stm32l1xx_systick.o [1]
SysTick_CounterCmd      0x08006d2f   0x26  Code  Gb  stm32l1xx_systick.o [1]
SysTick_Handler         0x08004f21    0xa  Code  Gb  clock.o [1]
SysTick_ITConfig        0x08006d55   0x14  Code  Gb  stm32l1xx_systick.o [1]
SysTick_SetReload       0x08006d29    0x6  Code  Gb  stm32l1xx_systick.o [1]
SystemInit              0x0800789d   0xfc  Code  Gb  system_stm32l1xx.o [1]
TIM3_IRQHandler         0x08004ba9   0x16  Code  Gb  hw_config.o [1]
TIM_ClearFlag           0x08006d0d    0x6  Code  Gb  stm32l1xx_tim.o [1]
TXCharHandle            0x20000d9a    0x2  Data  Gb  gatt_db.o [1]
TXCharHandle2           0x20000d9e    0x2  Data  Gb  gatt_db.o [1]
Timer_Expired           0x08006707   0x18  Code  Gb  gp_timer.o [1]
Timer_Set               0x080066f9    0xe  Code  Gb  gp_timer.o [1]
USART_Rx_Buffer         0x20000194  0x7d0  Data  Gb  hw_config.o [1]
USART_Rx_length         0x2000096c    0x4  Data  Gb  hw_config.o [1]
USART_Rx_ptr_in         0x20000964    0x4  Data  Gb  hw_config.o [1]
USART_Rx_ptr_out        0x20000968    0x4  Data  Gb  hw_config.o [1]
USB_Cable_Config        0x08004ba1    0x8  Code  Gb  hw_config.o [1]
USB_Init                0x08006d71   0x20  Code  Gb  usb_init.o [1]
USB_Interrupts_Config   0x08004b0b   0x2e  Code  Gb  hw_config.o [1]
USB_Istr                0x08007b19   0x60  Code  Gb  usb_istr.o [1]
USB_LP_IRQHandler       0x08007c19    0x4  Code  Gb  stm32l1xx_it.o [1]
USB_Rx_Buffer           0x20000d24   0x40  Data  Gb  usb_endp.o [1]
USB_SIL_Init            0x08007715   0x14  Code  Gb  usb_sil.o [1]
USB_SIL_Read            0x08007731   0x24  Code  Gb  usb_sil.o [1]
USB_Tx_State            0x20000190    0x1  Data  Gb  hw_config.o [1]
UsageFault_Handler      0x08007c11    0x2  Code  Gb  stm32l1xx_it.o [1]
UserToPMABufferCopy     0x08003c15   0x88  Code  Gb  usb_mem.o [1]
User_Standard_Requests  0x200000c4   0x24  Data  Gb  usb_prop.o [1]
Virtual_Com_Port_ConfigDescriptor
                        0x080079c0   0x44  Data  Gb  usb_desc.o [1]
Virtual_Com_Port_Data_Setup
                        0x080075e3   0x60  Code  Gb  usb_prop.o [1]
Virtual_Com_Port_DeviceDescriptor
                        0x080079ac   0x14  Data  Gb  usb_desc.o [1]
Virtual_Com_Port_GetConfigDescriptor
                        0x08007667    0x6  Code  Gb  usb_prop.o [1]
Virtual_Com_Port_GetDeviceDescriptor
                        0x08007661    0x6  Code  Gb  usb_prop.o [1]
Virtual_Com_Port_GetLineCoding
                        0x08007695   0x12  Code  Gb  usb_prop.o [1]
Virtual_Com_Port_GetStringDescriptor
                        0x0800766d   0x18  Code  Gb  usb_prop.o [1]
Virtual_Com_Port_Get_Interface_Setting
                        0x08007685    0xe  Code  Gb  usb_prop.o [1]
Virtual_Com_Port_NoData_Setup
                        0x08007643   0x1e  Code  Gb  usb_prop.o [1]
Virtual_Com_Port_Reset  0x080074ef   0xda  Code  Gb  usb_prop.o [1]
Virtual_Com_Port_SetConfiguration
                        0x080075c9    0xe  Code  Gb  usb_prop.o [1]
Virtual_Com_Port_SetDeviceAddress
                        0x080075d7    0x8  Code  Gb  usb_prop.o [1]
Virtual_Com_Port_SetLineCoding
                        0x080076a9   0x12  Code  Gb  usb_prop.o [1]
Virtual_Com_Port_Status_In
                        0x080075df    0x2  Code  Gb  usb_prop.o [1]
Virtual_Com_Port_Status_Out
                        0x080075e1    0x2  Code  Gb  usb_prop.o [1]
Virtual_Com_Port_StringLangID
                        0x08007a04    0x4  Data  Gb  usb_desc.o [1]
Virtual_Com_Port_StringProduct
                        0x08007a30   0x34  Data  Gb  usb_desc.o [1]
Virtual_Com_Port_StringSerial
                        0x20000108   0x1c  Data  Gb  usb_desc.o [1]
Virtual_Com_Port_StringVendor
                        0x08007a08   0x28  Data  Gb  usb_desc.o [1]
Virtual_Com_Port_init   0x080074cd   0x22  Code  Gb  usb_prop.o [1]
_LitobSmallNoMb         0x08006bc9   0xce  Code  Lc  xprintfsmall_nomb.o [3]
_PrintfSmallNoMb        0x0800682d  0x396  Code  Gb  xprintfsmall_nomb.o [3]
_Prout                  0x08007c21   0x16  Code  Gb  xprout.o [3]
_PutcharsSmallNoMb      0x08006c97   0x2e  Code  Lc  xprintfsmall_nomb.o [3]
_SProut                 0x08003ceb    0xa  Code  Gb  xsprout.o [3]
__aeabi_errno_addr      0x080074bd    0x6  Code  Gb  errno.o [3]
__aeabi_memset          0x08006f61         Code  Gb  ABImemset.o [4]
__cmain                 0x08007bc5         Code  Gb  cmain.o [4]
__exit                  0x08007bf5   0x14  Code  Gb  exit.o [5]
__iar_Errno             0x2000018c    0x4  Data  Gb  errno.o [3]
__iar_Memchr            0x08006e91         Code  Gb  memchr.o [4]
__iar_Memset            0x08006f61         Code  Gb  ABImemset.o [4]
__iar_Memset_word       0x08006f69         Code  Gb  ABImemset.o [4]
__iar_Stoul             0x08007467    0x4  Code  Gb  xstoul.o [3]
__iar_Stoulx            0x08007349  0x118  Code  Gb  xstoul.o [3]
__iar_Strchr            0x08006e41         Code  Gb  strchr.o [4]
__iar_copy_init3        0x080039bb   0x2e  Code  Gb  copy_init3.o [4]
__iar_data_init3        0x08007b79   0x28  Code  Gb  data_init.o [4]
__iar_dlib_perthread_access
                        0x080074c9    0x2  Code  Gb  xtls.o [3]
__iar_program_start     0x08007c49         Code  Gb  cstartup_M.o [4]
__iar_unaligned___aeabi_memcpy
                        0x08006ee9         Code  Gb  ABImemcpy_unaligned.o [4]
__iar_unaligned___aeabi_memcpy4
                        0x08006f09         Code  Gb  ABImemcpy_unaligned.o [4]
__iar_unaligned___aeabi_memcpy8
                        0x08006f09         Code  Gb  ABImemcpy_unaligned.o [4]
__iar_zero_init3        0x08003bf3   0x22  Code  Gb  zero_init3.o [4]
__low_level_init        0x08007bdf    0x4  Code  Gb  low_level_init.o [3]
__vector_table          0x08003000         Data  Gb  startup_stm32l1xx_md.o [1]
_call_main              0x08007bd1         Code  Gb  cmain.o [4]
_exit                   0x08007be9         Code  Gb  cexit.o [4]
_main                   0x08007bdb         Code  Gb  cmain.o [4]
aci_gap_init            0x0800613b   0x6a  Code  Gb  bluenrg_hci.o [1]
aci_gap_set_auth_requirement
                        0x080064b7   0x72  Code  Gb  bluenrg_hci.o [1]
aci_gap_set_discoverable
                        0x080061a5   0xc0  Code  Gb  bluenrg_hci.o [1]
aci_gatt_add_char       0x080062e7   0xb0  Code  Gb  bluenrg_hci.o [1]
aci_gatt_add_serv       0x08006265   0x82  Code  Gb  bluenrg_hci.o [1]
aci_gatt_init           0x08006103   0x38  Code  Gb  bluenrg_hci.o [1]
aci_gatt_update_char_value
                        0x08006397   0x7a  Code  Gb  bluenrg_hci.o [1]
aci_hal_set_tx_power_level
                        0x08006471   0x46  Code  Gb  bluenrg_hci.o [1]
aci_hal_write_config_data
                        0x08006411   0x60  Code  Gb  bluenrg_hci.o [1]
app2_flags              0x20000164    0x4  Data  Gb  BLE_Chat_main.o [1]
app_flags               0x20000160    0x4  Data  Gb  BLE_Chat_main.o [1]
atoi                    0x080072fb    0x8  Code  Gb  atoi.o [3]
bDeviceState            0x20000dcc    0x4  Data  Gb  usb_pwr.o [1]
bIntPackSOF             0x20000dc8    0x1  Data  Gb  usb_istr.o [1]
bServerConnected        0x2000016c    0x4  Data  Gb  BLE_Chat_main.o [1]
chatServHandle          0x20000d98    0x2  Data  Gb  gatt_db.o [1]
cmd                     0x20000974  0x200  Data  Lc  chat.o [1]
connection2_handle      0x2000015e    0x2  Data  Gb  BLE_Chat_main.o [1]
connection_handle       0x2000015c    0x2  Data  Gb  BLE_Chat_main.o [1]
connection_num          0x20000168    0x4  Data  Gb  BLE_Chat_main.o [1]
count                   0x20000db4    0x4  Data  Lc  clock.o [1]
digits                  0x0800746c   0x28  Data  Lc  xstoul.o [3]
exit                    0x08007be3    0x4  Code  Gb  exit.o [3]
hciReadPacketBuffer     0x20000b94  0x190  Data  Lc  hci.o [1]
hciReadPktPool          0x20000b84    0x8  Data  Gb  hci.o [1]
hciReadPktRxQueue       0x20000b8c    0x8  Data  Gb  hci.o [1]
hci_buffer              0x20000b7c    0x4  Data  Lc  hci.o [1]
hci_le_set_scan_resp_data
                        0x080052b9   0x66  Code  Gb  hci.o [1]
hci_pckt_len            0x20000b78    0x2  Data  Lc  hci.o [1]
hci_send_req            0x08005175  0x136  Code  Gb  hci.o [1]
linecoding              0x20000170    0x8  Data  Gb  usb_prop.o [1]
list_init_head          0x08006d91    0x6  Code  Gb  list.o [1]
list_insert_head        0x08006da5    0xe  Code  Gb  list.o [1]
list_insert_tail        0x08006db3    0xe  Code  Gb  list.o [1]
list_is_empty           0x08006d97    0xe  Code  Gb  list.o [1]
list_remove_head        0x08006dc1   0x1e  Code  Gb  list.o [1]
main                    0x08003d51  0x276  Code  Gb  BLE_Chat_main.o [1]
memchr                  0x08006e91         Code  Gb  memchr.o [4]
mystrcmp                0x08006fc9   0x68  Code  Gb  chat.o [1]
ndigs                   0x08007494   0x28  Data  Lc  xstoul.o [3]
new_hci_event           0x08005163   0x12  Code  Gb  hci.o [1]
new_packet              0x20000b76    0x1  Data  Lc  hci.o [1]
pEpInt_IN               0x20000124   0x1c  Data  Gb  usb_istr.o [1]
pEpInt_OUT              0x20000140   0x1c  Data  Gb  usb_istr.o [1]
pInformation            0x20000d80    0x4  Data  Gb  usb_init.o [1]
pProperty               0x20000d84    0x4  Data  Gb  usb_init.o [1]
pUser_Standard_Requests
                        0x20000d88    0x4  Data  Gb  usb_init.o [1]
packet_complete_callback
                        0x20000b80    0x4  Data  Lc  hci.o [1]
printf                  0x08004a4d   0x24  Code  Gb  printf.o [3]
processInputData        0x08007031  0x1ec  Code  Gb  chat.o [1]
putchar                 0x08004cd9   0x74  Code  Gb  hw_config.o [1]
readPacketListFull      0x20000b74    0x1  Data  Gb  hci.o [1]
s_SdkEvalVersion        0x20000dd2    0x1  Data  Lc  SDK_EVAL_Config.o [1]
s_SpiCsPin              0x20000060    0x4  Data  Lc  SDK_EVAL_Spi_Driver.o [1]
s_SpiCsPinVersion       0x080060b8    0x8  Data  Lc  SDK_EVAL_Spi_Driver.o [1]
s_SpiCsPort             0x2000005c    0x4  Data  Lc  SDK_EVAL_Spi_Driver.o [1]
s_SpiCsPortVersion      0x2000001c    0x8  Data  Gb  SDK_EVAL_Spi_Driver.o [1]
s_SpiIrqClk             0x20000084    0x4  Data  Lc  SDK_EVAL_Spi_Driver.o [1]
s_SpiIrqClkVersion      0x080060e8    0x8  Data  Lc  SDK_EVAL_Spi_Driver.o [1]
s_SpiIrqExtiLine        0x20000090    0x4  Data  Lc  SDK_EVAL_Spi_Driver.o [1]
s_SpiIrqExtiLineVersion
                        0x080060f0    0x8  Data  Lc  SDK_EVAL_Spi_Driver.o [1]
s_SpiIrqIrqn            0x20000005    0x1  Data  Lc  SDK_EVAL_Spi_Driver.o [1]
s_SpiIrqIrqnVersion     0x08006100    0x2  Data  Lc  SDK_EVAL_Spi_Driver.o [1]
s_SpiIrqPin             0x2000008c    0x4  Data  Lc  SDK_EVAL_Spi_Driver.o [1]
s_SpiIrqPinSource       0x20000004    0x1  Data  Lc  SDK_EVAL_Spi_Driver.o [1]
s_SpiIrqPinSourceVersion
                        0x080060fc    0x2  Data  Lc  SDK_EVAL_Spi_Driver.o [1]
s_SpiIrqPinVersion      0x080060e0    0x8  Data  Lc  SDK_EVAL_Spi_Driver.o [1]
s_SpiIrqPort            0x20000088    0x4  Data  Lc  SDK_EVAL_Spi_Driver.o [1]
s_SpiIrqPortSource      0x20000003    0x1  Data  Lc  SDK_EVAL_Spi_Driver.o [1]
s_SpiIrqPortSourceVersion
                        0x080060f8    0x2  Data  Lc  SDK_EVAL_Spi_Driver.o [1]
s_SpiIrqPortVersion     0x20000050    0x8  Data  Gb  SDK_EVAL_Spi_Driver.o [1]
s_SpiMisoAF             0x20000001    0x1  Data  Lc  SDK_EVAL_Spi_Driver.o [1]
s_SpiMisoAFVersion      0x20000008    0x2  Data  Lc  SDK_EVAL_Spi_Driver.o [1]
s_SpiMisoPin            0x20000078    0x4  Data  Lc  SDK_EVAL_Spi_Driver.o [1]
s_SpiMisoPinSource      0x2000000e    0x2  Data  Lc  SDK_EVAL_Spi_Driver.o [1]
s_SpiMisoPinSourceVersion
                        0x20000040    0x4  Data  Lc  SDK_EVAL_Spi_Driver.o [1]
s_SpiMisoPinVersion     0x080060d0    0x8  Data  Lc  SDK_EVAL_Spi_Driver.o [1]
s_SpiMisoPort           0x20000074    0x4  Data  Lc  SDK_EVAL_Spi_Driver.o [1]
s_SpiMisoPortVersion    0x20000038    0x8  Data  Gb  SDK_EVAL_Spi_Driver.o [1]
s_SpiMosiAF             0x20000000    0x1  Data  Lc  SDK_EVAL_Spi_Driver.o [1]
s_SpiMosiAFVersion      0x20000006    0x2  Data  Lc  SDK_EVAL_Spi_Driver.o [1]
s_SpiMosiPin            0x20000070    0x4  Data  Lc  SDK_EVAL_Spi_Driver.o [1]
s_SpiMosiPinSource      0x2000000c    0x2  Data  Lc  SDK_EVAL_Spi_Driver.o [1]
s_SpiMosiPinSourceVersion
                        0x20000034    0x4  Data  Lc  SDK_EVAL_Spi_Driver.o [1]
s_SpiMosiPinVersion     0x080060c8    0x8  Data  Lc  SDK_EVAL_Spi_Driver.o [1]
s_SpiMosiPort           0x2000006c    0x4  Data  Lc  SDK_EVAL_Spi_Driver.o [1]
s_SpiMosiPortVersion    0x2000002c    0x8  Data  Gb  SDK_EVAL_Spi_Driver.o [1]
s_SpiPort               0x20000058    0x4  Data  Lc  SDK_EVAL_Spi_Driver.o [1]
s_SpiPortVersion        0x20000014    0x8  Data  Lc  SDK_EVAL_Spi_Driver.o [1]
s_SpiRstPin             0x20000068    0x4  Data  Lc  SDK_EVAL_Spi_Driver.o [1]
s_SpiRstPinVersion      0x080060c0    0x8  Data  Lc  SDK_EVAL_Spi_Driver.o [1]
s_SpiRstPort            0x20000064    0x4  Data  Lc  SDK_EVAL_Spi_Driver.o [1]
s_SpiRstPortVersion     0x20000024    0x8  Data  Gb  SDK_EVAL_Spi_Driver.o [1]
s_SpiSclkAF             0x20000002    0x1  Data  Lc  SDK_EVAL_Spi_Driver.o [1]
s_SpiSclkAFVersion      0x2000000a    0x2  Data  Lc  SDK_EVAL_Spi_Driver.o [1]
s_SpiSclkPin            0x20000080    0x4  Data  Lc  SDK_EVAL_Spi_Driver.o [1]
s_SpiSclkPinSource      0x20000010    0x2  Data  Lc  SDK_EVAL_Spi_Driver.o [1]
s_SpiSclkPinSourceVersion
                        0x2000004c    0x4  Data  Lc  SDK_EVAL_Spi_Driver.o [1]
s_SpiSclkPinVersion     0x080060d8    0x8  Data  Lc  SDK_EVAL_Spi_Driver.o [1]
s_SpiSclkPort           0x2000007c    0x4  Data  Lc  SDK_EVAL_Spi_Driver.o [1]
s_SpiSclkPortVersion    0x20000044    0x8  Data  Gb  SDK_EVAL_Spi_Driver.o [1]
sprintf                 0x080066c5   0x34  Code  Gb  sprintf.o [3]
strchr                  0x08006e41         Code  Gb  strchr.o [4]
strcspn                 0x08007325   0x22  Code  Gb  strcspn.o [3]
strlen                  0x08006e59         Code  Gb  strlen.o [4]
strspn                  0x08007303   0x22  Code  Gb  strspn.o [3]
strtok_r                0x080072bd   0x3c  Code  Gb  strtok_r.o [3]
user_timer_expired      0x20000dd0    0x1  Data  Gb  hw_config.o [1]
wInterrupt_Mask         0x20000da2    0x2  Data  Gb  usb_init.o [1]
wIstr                   0x20000dca    0x2  Data  Gb  usb_istr.o [1]


[1] = C:\Users\FredZhou\Documents\Origin\Projects\Project\BLE_Chat\EWARM\Server\Obj
[2] = command line
[3] = dl7M_tln.a
[4] = rt7M_tl.a
[5] = shb_l.a

  19 488 bytes of readonly  code memory
     624 bytes of readonly  data memory
   6 614 bytes of readwrite data memory

Errors: none
Warnings: none
